// Jest Snapshot v1, https://goo.gl/fbAQLP

exports[`AddLogForm component renders the UI as expected 1`] = `
<form
  className="AddLogForm"
  onSubmit={[Function]}
>
  <div
    className="AddLogForm__form-section"
  >
    <label
      htmlFor="start_time"
    >
      Start time 
      <span
        className="Required "
      >
        *
      </span>
    </label>
    <input
      className="Input "
      id="start_time"
      name="start_time"
      required={true}
      type="datetime-local"
    />
  </div>
  <div
    className="AddLogForm__form-section"
  >
    <label
      htmlFor="end_time"
    >
      End time 
      <span
        className="Required "
      >
        *
      </span>
    </label>
    <input
      className="Input "
      id="end_time"
      name="end_time"
      required={true}
      type="datetime-local"
    />
  </div>
  <div
    className="AddLogForm__form-section"
  >
    <label
      htmlFor="media"
    >
      Media type 
      <span
        className="Required "
      >
        *
      </span>
    </label>
    <select
      id="media"
      name="media"
      required={true}
    >
      <option
        value=""
      >
        --Choose one--
      </option>
      <option
        value="computer"
      >
        Computer
      </option>
      <option
        value="phone"
      >
        Phone
      </option>
      <option
        value="tablet"
      >
        Tablet
      </option>
      <option
        value="television"
      >
        Television
      </option>
    </select>
  </div>
  <div
    className="AddLogForm__form-section"
  >
    <label
      htmlFor="breaks"
    >
      Number of breaks 
      <span
        className="Required "
      >
        *
      </span>
    </label>
    <input
      className="Input "
      id="breaks"
      name="breaks"
      required={true}
      type="number"
    />
  </div>
  <div
    className="AddLogForm__buttons"
  >
    <button
      className="Button "
      type="submit"
    >
      Submit
    </button>
    <button
      className="Button "
      onClick={[Function]}
    >
      Cancel
    </button>
  </div>
</form>
`;
