// Jest Snapshot v1, https://goo.gl/fbAQLP

exports[`LogListItem component renders the item as expected 1`] = `
<section
  className="LogListItem"
>
  <h3>
    03-12-2020
  </h3>
  <p>
    4:00PM
     -
     
    8:00PM
  </p>
  <dl>
    <dt>
      Screen Hours:
    </dt>
    <dd />
    <dt>
      Media type:
    </dt>
    <dd>
      television
    </dd>
    <dt>
      Breaks taken:
    </dt>
    <dd>
      0
    </dd>
  </dl>
  <div
    className="LogListItem__buttons"
  >
    <button
      className="Button edit"
      onClick={[Function]}
    >
      Edit
    </button>
    <button
      className="Button "
      onClick={[Function]}
    >
      Delete
    </button>
  </div>
</section>
`;
