// Jest Snapshot v1, https://goo.gl/fbAQLP

exports[`ActivityTracker component renders the UI as expected 1`] = `
<div
  className="ActivityTracker"
>
  <h2>
    Activity Tracker
  </h2>
  <div
    className="ActivityTracker__chart"
  >
    <img
      alt="placeholder for activity tracker chart"
      src="Activity-chart-demo.PNG"
    />
  </div>
  <dl
    className="ActivityTracker__stats"
  >
    <dt>
      Total Hours:
    </dt>
    <dd>
      120
    </dd>
    <dt>
      This week:
    </dt>
    <dd>
      12
    </dd>
    <dt>
      Weekly goal:
    </dt>
    <dd>
      50
    </dd>
  </dl>
</div>
`;
